smartctl 7.3 2021-04-14 r5216 [x86_64-linux-5.8.0-50-generic] (local build)
Copyright (C) 2002-21, Bruce Allen, Christian Franke, www.smartmontools.org

=== START OF SMART DATA SECTION ===
SMART/Health Information (NVMe Log 0x02)
Critical Warning:                   0x00
Temperature:                        27 Celsius
Available Spare:                    100%
Available Spare Threshold:          10%
Percentage Used:                    0%
Data Units Read:                    6.461.222 [3,30 TB]
Data Units Written:                 5.347.553 [2,73 TB]
Host Read Commands:                 94.835.351
Host Write Commands:                71.177.681
Controller Busy Time:               2.157
Power Cycles:                       222
Power On Hours:                     1.606
Unsafe Shutdowns:                   134
Media and Data Integrity Errors:    0
Error Information Log Entries:      0
Warning  Comp. Temperature Time:    0
Critical Comp. Temperature Time:    0

